
[TestSurveys/with_valid_query,_it_should_return_surveys_without_error - 1]
{
 "Surveys": [
  {
   "CreatedAt": "",
   "Description": "Survey 1 description",
   "ID": "8138abe3-06b1-5882-88dd-ba931b388f1d",
   "Name": "Survey 1",
   "Question": "What is your favorite color?",
   "UpdatedAt": ""
  }
 ]
}
---

[TestSurveys/with_invalid_query,_it_should_return_error - 1]
{
 "Surveys": null
}
---
