
[TestSurveys/with_valid_query,_it_should_return_surveys_without_error - 1]
{
 "Surveys": [
  {
   "CreatedAt": "",
   "Description": "Survey 1 description",
   "ID": "8138abe3-06b1-5882-88dd-ba931b388f1d",
   "Name": "Survey 1",
   "Question": "What is your favorite color?",
   "UpdatedAt": ""
  }
 ]
}
---

[TestCreateSurvey/with_valid_query,_it_should_return_survey_without_error - 1]
{
 "createSurvey": {
  "createdAt": "2023-01-27T12:00:00Z",
  "description": "Survey 1 description",
  "id": "123e4567-e89b-12d3-a456-426614174000",
  "name": "Survey 1",
  "question": "Survey 1 question",
  "updatedAt": "2023-01-27T12:00:00Z"
 }
}
---
